node.exe : FAIL src/users/us
ers.service.spec.ts
Au caractère C:\Program 
Files\nodejs\npx.ps1:29 : 3
+   & $NODE_EXE $NPX_CLI_JS 
$args
+   ~~~~~~~~~~~~~~~~~~~~~~~~
~~~~~
    + CategoryInfo          
    : NotSpecified: (FAIL   
  src/users/users.service   
 .spec.ts:String) [], Re    
moteException
    + FullyQualifiedErrorId 
    : NativeCommandError
 
  UsersService
    ├ù should be defined 
(12 ms)

  ÔùÅ UsersService ÔÇ║ 
should be defined

    Nest can't resolve 
dependencies of the 
UsersService (?). Please 
make sure that the argument 
"UserModel" at index [0] is 
available in the 
RootTestModule context.

    Potential solutions:
    - Is RootTestModule a 
valid NestJS module?
    - If "UserModel" is a 
provider, is it part of the 
current RootTestModule?
    - If "UserModel" is 
exported from a separate 
@Module, is that module 
imported within 
RootTestModule?
      @Module({
        imports: [ /* the 
Module containing 
"UserModel" */ ]
      })

    For more common 
dependency resolution 
issues, see: https://docs.ne
stjs.com/faq/common-errors

    [0m [90m  6 |[39m
     [90m  7 |[39m   
beforeEach([36masync[39m 
() [33m=>[39m {
    
[31m[1m>[22m[39m[90m  
8 |[39m     
[36mconst[39m 
module[33m:[39m 
[33mTestingModule[39m 
[33m=[39m [36mawait[39m 
[33mTest[39m[33m.[39mcre
ateTestingModule({
     [90m    |[39m        
                           
[31m[1m^[22m[39m
     [90m  9 |[39m       
providers[33m:[39m [[33mU
sersService[39m][33m,[39m
     [90m 10 |[39m     })
[33m.[39mcompile()[33m;[3
9m
     [90m 11 |[39m[0m

      at TestingInjector.loo
kupComponentInParentModules 
(../node_modules/@nestjs/cor
e/injector/injector.js:290:1
9)
      at TestingInjector.res
olveComponentWrapper (../nod
e_modules/@nestjs/testing/te
sting-injector.js:19:45)
      at resolveParam (../no
de_modules/@nestjs/core/inje
ctor/injector.js:140:38)
          at async 
Promise.all (index 0)
      at TestingInjector.res
olveConstructorParams (../no
de_modules/@nestjs/core/inje
ctor/injector.js:169:27)
      at TestingInjector.loa
dInstance (../node_modules/@
nestjs/core/injector/injecto
r.js:75:13)
      at TestingInjector.loa
dProvider (../node_modules/@
nestjs/core/injector/injecto
r.js:103:9)
      at ../node_modules/@ne
stjs/core/injector/instance-
loader.js:56:13
          at async 
Promise.all (index 3)
      at TestingInstanceLoad
er.createInstancesOfProvider
s (../node_modules/@nestjs/c
ore/injector/instance-loader
.js:55:9)
      at ../node_modules/@ne
stjs/core/injector/instance-
loader.js:40:13
          at async 
Promise.all (index 1)
      at TestingInstanceLoad
er.createInstances (../node_
modules/@nestjs/core/injecto
r/instance-loader.js:39:9)
      at TestingInstanceLoad
er.createInstancesOfDependen
cies (../node_modules/@nestj
s/core/injector/instance-loa
der.js:22:13)
      at TestingInstanceLoad
er.createInstancesOfDependen
cies (../node_modules/@nestj
s/testing/testing-instance-l
oader.js:9:9)
      at TestingModuleBuilde
r.createInstancesOfDependenc
ies (../node_modules/@nestjs
/testing/testing-module.buil
der.js:118:9)
      at TestingModuleBuilde
r.compile (../node_modules/@
nestjs/testing/testing-modul
e.builder.js:74:9)
      at Object.<anonymous> 
(users/users.service.spec.ts
:8:35)

Test Suites: 1 failed, 1 
total
Tests:       1 failed, 1 
total
Snapshots:   0 total
Time:        2.986 s, 
estimated 3 s
Ran all test suites 
matching src/users/users.ser
vice.spec.ts.
